terra 1.9.11
Linking to GEOS 3.7.2, GDAL 3.0.4, PROJ 6.3.2; sf_use_s2() is TRUE
To enable caching of data, set `options(tigris_use_cache = TRUE)`
in your R script or .Rprofile.

Attaching package: ‘tigris’

The following object is masked from ‘package:terra’:

    blocks


Attaching package: ‘doBy’

The following object is masked from ‘package:terra’:

    divide

── Attaching core tidyverse packages ──────────────────────── tidyverse 2.0.0 ──
✔ dplyr     1.2.1     ✔ readr     2.2.0
✔ forcats   1.0.1     ✔ stringr   1.6.0
✔ ggplot2   4.0.2     ✔ tibble    3.3.1
✔ lubridate 1.9.5     ✔ tidyr     1.3.2
✔ purrr     1.2.2     
── Conflicts ────────────────────────────────────────── tidyverse_conflicts() ──
✖ dplyr::arrange()   masks plyr::arrange()
✖ purrr::compact()   masks plyr::compact()
✖ dplyr::count()     masks plyr::count()
✖ dplyr::desc()      masks plyr::desc()
✖ tidyr::extract()   masks terra::extract()
✖ dplyr::filter()    masks stats::filter()
✖ dplyr::lag()       masks stats::lag()
✖ dplyr::mutate()    masks plyr::mutate()
✖ dplyr::order_by()  masks doBy::order_by()
✖ dplyr::rename()    masks plyr::rename()
✖ dplyr::summarise() masks plyr::summarise()
✖ dplyr::summarize() masks plyr::summarize()
ℹ Use the conflicted package (<http://conflicted.r-lib.org/>) to force all conflicts to become errors
Linking to liblwgeom 3.0.0beta1 r16016, GEOS 3.7.2, PROJ 6.3.2

Attaching package: ‘lwgeom’

The following object is masked from ‘package:sf’:

    st_perimeter

Spherical geometry (s2) switched off
Warning message:
In readLines(file, warn = readLines.warn) :
  incomplete final line found on '/n/dominici_lab/Lab/data_processing/shreya_prism_800m/prism-800m-agg/config.yaml'
Error: [rast] file does not exist: rawdata/tmax/2010/
In addition: Warning message:
In new_CppObject_xp(fields$.module, fields$.pointer, ...) :
  GDAL Error 4: rawdata/tmax/2010/: No such file or directory
Execution halted
