terra 1.9.11
Linking to GEOS 3.7.2, GDAL 3.0.4, PROJ 6.3.2; sf_use_s2() is TRUE
To enable caching of data, set `options(tigris_use_cache = TRUE)`
in your R script or .Rprofile.

Attaching package: ‘tigris’

The following object is masked from ‘package:terra’:

    blocks


Attaching package: ‘doBy’

The following object is masked from ‘package:terra’:

    divide

── Attaching core tidyverse packages ──────────────────────── tidyverse 2.0.0 ──
✔ dplyr     1.2.1     ✔ readr     2.2.0
✔ forcats   1.0.1     ✔ stringr   1.6.0
✔ ggplot2   4.0.2     ✔ tibble    3.3.1
✔ lubridate 1.9.5     ✔ tidyr     1.3.2
✔ purrr     1.2.2     
── Conflicts ────────────────────────────────────────── tidyverse_conflicts() ──
✖ dplyr::arrange()   masks plyr::arrange()
✖ purrr::compact()   masks plyr::compact()
✖ dplyr::count()     masks plyr::count()
✖ dplyr::desc()      masks plyr::desc()
✖ tidyr::extract()   masks terra::extract()
✖ dplyr::filter()    masks stats::filter()
✖ dplyr::lag()       masks stats::lag()
✖ dplyr::mutate()    masks plyr::mutate()
✖ dplyr::order_by()  masks doBy::order_by()
✖ dplyr::rename()    masks plyr::rename()
✖ dplyr::summarise() masks plyr::summarise()
✖ dplyr::summarize() masks plyr::summarize()
ℹ Use the conflicted package (<http://conflicted.r-lib.org/>) to force all conflicts to become errors
Error: package or namespace load failed for ‘tidycensus’ in dyn.load(file, DLLpath = DLLpath, ...):
 unable to load shared object '/n/home02/snalluri/R/x86_64-pc-linux-gnu-library/4.4/xml2/libs/xml2.so':
  libiconv.so.2: cannot open shared object file: No such file or directory
Execution halted
